// Jest Snapshot v1, https://goo.gl/fbAQLP

exports[`Board snapshots 1`] = `
Object {
  "moves": Object {
    "ant": "0:21,13,4,11,19,10,17,16,24,30,38,45,36,43,34,26,33,24|8:26,33,24,16,17,10,19,11,4,36,45,38,30,22,21,13,4,11|",
    "beetle": "2:6,7,19,12,8,14|5:9,16,8,21,14|",
    "centipede": "2:16,22|",
    "cockroach": "1:28,35,26,29,13,22|6:|",
    "damselfly": "0:|6:13,25|",
    "dragonfly": "0:|6:|",
    "fly": "2:1224,1325,1324,1323,1222,1223,1272,1226,1174,1175,1327,1326,1126,1177|5:1176,1275|",
    "grasshopper": "2:4,29,26|6:2,27|",
    "lady_bug": "0:8,21,12,25,18|8:8,21,8,21,2,3,4,8,17,23,22,21,8,21|",
    "mantis": "0:|6:12,2,3,4,19,10|",
    "mosquito": "3:8,10,23,27,19,23|6:19,27,26,25,21|",
    "pill_bug": "0:13,18|",
    "queen": "0:30,45|2:|",
    "scorpion": "6:10,25|",
    "spider": "0:22,33,35|",
    "spider_webs": "",
    "spiderwebs": "0:21,13,4,11,19,30,38,45,36,43,34,26|8:26,33,24,16,17,10,19,11,4,36,45,38,30,22,21,13,4,11|",
    "super_grasshopper": "2:4,29,26,13,29,25,13,28,4|6:2,27,17,3,27,4,27,28,17,4,26,2|",
    "venom_centipede": "2:||S2:10,27|",
    "wasp": "2:10,16,21,27|4:7,2,9,6,31,24|",
  },
  "placements": Object {
    "ant": "10,16,17,24,26,33,34,43|4,11,13,22,30,38,45",
    "beetle": "6,12,22,25,26,27|2,9,10",
    "centipede": "25,26,28,33|4,11,13,17",
    "cockroach": "17,25,26,28,29,35|4,6,11,15,23",
    "dragonfly": "0,1,6,26|9,10,12,16,18,22",
    "fly": "1126,1174,1175,1177,1178,1222,1223,1272|1278,1324,1325,1326,1327",
    "grasshopper": "14,22,25,26,27,28,29|2,3,4,9",
    "lady_bug": "11,17,22,23,26,27|0,1,2,3,18",
    "mantis": "18,26,34,36,37,43|2,3,4,10,13,14,22",
    "mosquito": "13,19,25,26,27,28,29|9,10,17",
    "pill_bug": "12,18,24,26,27,31|2,7,9,10,16",
    "queen": "12,38,44,45|10,16,17,22,24,33,34",
    "scorpion": "6,12,18,25,28,29|2,9,10,17",
    "spider": "10,11,12,21,22,30|25,33,34,35,36",
    "spider_webs": "22,31,33,41,42,44,45,53|6,7,8,14,15,16,18,28,37",
    "wasp": "10,16,27|2,6,7,24,31",
  },
  "specials": Object {
    "centipede": "2:27|",
    "dragonfly": "0:7,9,16,12,27,25|6:26,24,17,21,6|",
    "mantis": "0:28,35|6:|",
    "mosquito": "3:|6:|",
    "pill_bug": "0:20,25|",
  },
}
`;
