// Jest Snapshot v1, https://goo.gl/fbAQLP

exports[`makeStack 1`] = `"{\\"rows\\":[[{\\"index\\":1174,\\"xy\\":[24,23],\\"stack\\":[\\"piece hex\\"],\\"selected\\":false},{\\"index\\":1175,\\"xy\\":[25,23],\\"stack\\":[\\"piece hex\\"],\\"selected\\":false},{\\"index\\":1176,\\"xy\\":[26,23],\\"stack\\":[\\"piece hex hex-empty_b\\"],\\"selected\\":false},{\\"index\\":1177,\\"xy\\":[27,23],\\"stack\\":[\\"piece hex\\"],\\"selected\\":false}],[{\\"index\\":1224,\\"xy\\":[24,24],\\"stack\\":[\\"piece hex hex-empty_r\\"],\\"selected\\":false},{\\"index\\":1225,\\"xy\\":[25,24],\\"stack\\":[\\"piece hex hex-empty_g\\"],\\"selected\\":false},{\\"index\\":1226,\\"xy\\":[26,24],\\"stack\\":[\\"piece hex-player_2 type type-4 hex -stacked-0\\",\\"piece hex-player_2 type type-7 hex -stacked-1\\",\\"piece hex-player_2 type type-8 hex -stacked-2\\"],\\"selected\\":false,\\"piece_id\\":8,\\"player_id\\":2,\\"piece_type\\":8},{\\"index\\":1227,\\"xy\\":[27,24],\\"stack\\":[\\"piece hex hex-empty_g\\"],\\"selected\\":false}],[{\\"index\\":1274,\\"xy\\":[24,25],\\"stack\\":[\\"piece hex hex-empty_g\\"],\\"selected\\":false},{\\"index\\":1275,\\"xy\\":[25,25],\\"stack\\":[\\"piece hex-player_2 type type-0 hex -stacked--2\\",\\"piece hex-player_1 type type-1 hex -stacked--1\\",\\"piece hex-player_1 type type-2 hex -stacked-0\\",\\"piece hex-player_1 type type-5 hex -stacked-1\\",\\"piece hex-player_1 type type-3 hex -stacked-2\\",\\"piece hex-player_1 type type-6 hex -stacked-3\\"],\\"selected\\":false,\\"piece_id\\":6,\\"player_id\\":1,\\"piece_type\\":6},{\\"index\\":1276,\\"xy\\":[26,25],\\"stack\\":[\\"piece hex-player_2 type type-9 hex -stacked-0\\"],\\"selected\\":false,\\"piece_id\\":9,\\"player_id\\":2,\\"piece_type\\":9},{\\"index\\":1277,\\"xy\\":[27,25],\\"stack\\":[\\"piece hex hex-empty_b\\"],\\"selected\\":false}],[{\\"index\\":1324,\\"xy\\":[24,26],\\"stack\\":[\\"piece hex\\"],\\"selected\\":false},{\\"index\\":1325,\\"xy\\":[25,26],\\"stack\\":[\\"piece hex hex-empty_r\\"],\\"selected\\":false},{\\"index\\":1326,\\"xy\\":[26,26],\\"stack\\":[\\"piece hex hex-empty_b\\"],\\"selected\\":false},{\\"index\\":1327,\\"xy\\":[27,26],\\"stack\\":[\\"piece hex hex-empty_r\\"],\\"selected\\":false}]],\\"player_1\\":[[{\\"stack\\":[\\"piece hex-player_1 type type-queen hex -stacked-0\\"],\\"player_id\\":1,\\"piece_id\\":\\"new\\",\\"piece_type\\":\\"queen\\",\\"type\\":\\"cell\\"}],[]],\\"player_2\\":[[{\\"stack\\":[\\"piece hex-player_2 type type-queen hex -stacked-0\\"],\\"player_id\\":2,\\"piece_id\\":\\"new\\",\\"piece_type\\":\\"queen\\",\\"type\\":\\"cell\\"}],[]]}"`;
